// Jest Snapshot v1, https://goo.gl/fbAQLP

exports[`Block Generate component renders correctly 1`] = `
<div>
  <div
    class="block-generate-input-wrapper"
  >
    <textarea
      class="block-generate-input"
      placeholder="Generate copy for landing page..."
      rows="3"
    />
    <button
      class="undefined btn btn-disabled"
      disabled=""
      style="min-width: 82px;"
    >
      Generate
    </button>
  </div>
  <label>
    Improve Copies
  </label>
  <div
    class="block-content-wrapper"
  >
    <div
      class="dropdown-wrapper"
    >
      <div
        class="item-box-wrapper item-box-dropdown-wrapper  "
      >
        <p>
          Change Tone To...
        </p>
        <svg
          fill="none"
          height="12"
          viewBox="0 0 12 12"
          width="12"
          xmlns="http://www.w3.org/2000/svg"
        >
          <g
            clip-path="url(#clip0_110_4423)"
          >
            <rect
              fill="white"
              fill-opacity="0.01"
              height="12"
              width="12"
            />
            <path
              d="M11.9045 3.20086L11.368 2.66433C11.2406 2.53698 11.0347 2.53698 10.9073 2.66433L6 7.5608L1.09269 2.66433C0.965338 2.53698 0.759399 2.53698 0.632042 2.66433L0.0955177 3.20086C-0.0318392 3.32822 -0.0318392 3.53416 0.0955177 3.66151L5.76967 9.33567C5.89703 9.46303 6.10297 9.46303 6.23033 9.33567L11.9045 3.66151C12.0318 3.53416 12.0318 3.32822 11.9045 3.20086Z"
              fill="#20133A"
            />
          </g>
          <defs>
            <clippath
              id="clip0_110_4423"
            >
              <rect
                fill="white"
                height="12"
                width="12"
              />
            </clippath>
          </defs>
        </svg>
      </div>
    </div>
    <div
      class="dropdown-wrapper"
    >
      <div
        class="item-box-wrapper item-box-dropdown-wrapper  "
      >
        <p>
          Translate To...
        </p>
        <svg
          fill="none"
          height="12"
          viewBox="0 0 12 12"
          width="12"
          xmlns="http://www.w3.org/2000/svg"
        >
          <g
            clip-path="url(#clip0_110_4423)"
          >
            <rect
              fill="white"
              fill-opacity="0.01"
              height="12"
              width="12"
            />
            <path
              d="M11.9045 3.20086L11.368 2.66433C11.2406 2.53698 11.0347 2.53698 10.9073 2.66433L6 7.5608L1.09269 2.66433C0.965338 2.53698 0.759399 2.53698 0.632042 2.66433L0.0955177 3.20086C-0.0318392 3.32822 -0.0318392 3.53416 0.0955177 3.66151L5.76967 9.33567C5.89703 9.46303 6.10297 9.46303 6.23033 9.33567L11.9045 3.66151C12.0318 3.53416 12.0318 3.32822 11.9045 3.20086Z"
              fill="#20133A"
            />
          </g>
          <defs>
            <clippath
              id="clip0_110_4423"
            >
              <rect
                fill="white"
                height="12"
                width="12"
              />
            </clippath>
          </defs>
        </svg>
      </div>
    </div>
    <div
      class="item-box-wrapper "
    >
      <p>
        Simplify
      </p>
    </div>
    <div
      class="item-box-wrapper "
    >
      <p>
        Make Longer
      </p>
    </div>
    <div
      class="item-box-wrapper "
    >
      <p>
        Make Shorter
      </p>
    </div>
  </div>
</div>
`;

exports[`Block Research component renders correctly 1`] = `
<div>
  <label>
    Research
  </label>
  <div
    class="block-content-wrapper"
  >
    <div
      class="item-box-wrapper "
    >
      <p>
        Sample User Flow
      </p>
    </div>
    <div
      class="item-box-wrapper "
    >
      <p>
        Page Structure
      </p>
    </div>
    <div
      class="item-box-wrapper "
    >
      <p>
        User Personas
      </p>
    </div>
    <div
      class="item-box-wrapper "
    >
      <p>
        Competitor Analysis
      </p>
    </div>
  </div>
</div>
`;
